// Jest Snapshot v1, https://goo.gl/fbAQLP

exports[`<autocomplete-single> renders correctly with default props 1`] = `
<autocomplete-single input-id="test" label="Test Label">
  <div class="autocomplete-container form-group">
    <div>
      <label class="form-label" htmlfor="test">
        <span>
          Test Label
        </span>
      </label>
      <div>
        <div class="autocomplete-single-select input-group">
          <input aria-autocomplete="list" aria-controls="test-listbox" aria-expanded="false" aria-haspopup="listbox" aria-labelledby="" aria-required="false" autocomplete="off" class="form-control" id="test" inputmode="text" name="testLabel" placeholder="Type to search/filter..." role="combobox" spellcheck="false" type="" value="">
        </div>
      </div>
    </div>
  </div>
</autocomplete-single>
`;
