// Jest Snapshot v1, https://goo.gl/fbAQLP

exports[`<plumage-input-field-component> applies horizontal layout with responsive cols and matches snapshot: horizontal-responsive-layout 1`] = `"<plumage-input-field-component label="Amount" input-id="amount" form-layout="horizontal" label-cols="sm-3" input-cols="sm-9" size="lg"><div class="stencil-component"><div class="horizontal"><div class="form-group row"><label class="form-control-label label-sm col-sm-3 no-padding col-form-label" id="amount-label" for="amount"><span>Amount:</span></label><div class="col-sm-9"><div class="input-container" role="presentation"><input id="amount" name="amount" type="text" class="form-control form-control-lg" placeholder="Amount" value="" aria-labelledby="amount-label" aria-invalid="false" autocomplete="off" inputmode="text"><div class="b-underline" role="presentation" aria-hidden="true"><div class="b-focus" role="presentation" aria-hidden="true"></div></div></div></div></div></div></div></plumage-input-field-component>"`;

exports[`<plumage-input-field-component> horizontal layout falls back to numeric cols when string specs are not provided: horizontal-numeric-cols 1`] = `"<plumage-input-field-component label="Code" input-id="code" form-layout="horizontal" label-col="3" input-col="9"><div class="stencil-component"><div class="horizontal"><div class="form-group row"><label class="form-control-label label-sm col-3 no-padding col-form-label" id="code-label" for="code"><span>Code:</span></label><div class="col-9"><div class="input-container" role="presentation"><input id="code" name="code" type="text" class="form-control" placeholder="Code" value="" aria-labelledby="code-label" aria-invalid="false" autocomplete="off" inputmode="text"><div class="b-underline" role="presentation" aria-hidden="true"><div class="b-focus" role="presentation" aria-hidden="true"></div></div></div></div></div></div></div></plumage-input-field-component>"`;

exports[`<plumage-input-field-component> renders with defaults and matches snapshot: stacked-default 1`] = `"<plumage-input-field-component label="Username" input-id="user"><div class="stencil-component"><div><div class="form-group"><label class="form-control-label label-sm" id="user-label" for="user"><span>Username</span></label><div class="input-container" role="presentation"><input id="user" name="user" type="text" class="form-control" placeholder="Username" value="" aria-labelledby="user-label" aria-invalid="false" autocomplete="off" inputmode="text"><div class="b-underline" role="presentation" aria-hidden="true"><div class="b-focus" role="presentation" aria-hidden="true"></div></div></div></div></div></div></plumage-input-field-component>"`;
